Leave-one-out cross-validated accuracy (n=54), per layer:
 layer   raw acc   resid acc
     0     0.907       0.722
     1     0.944       0.685
     2     0.981       0.593
     3     1.000       0.556
     4     1.000       0.556
     5     1.000       0.519
     6     1.000       0.463
     7     1.000       0.444
     8     0.981       0.463
     9     0.981       0.444
    10     0.981       0.444
    11     0.981       0.444
    12     0.963       0.426
    13     0.963       0.463
    14     0.981       0.463
    15     0.981       0.444
    16     0.981       0.444
    17     0.981       0.444
    18     0.981       0.444
    19     0.981       0.444
    20     0.981       0.444
    21     1.000       0.444
    22     1.000       0.500
    23     1.000       0.519
    24     1.000       0.500
    25     1.000       0.500
    26     1.000       0.500
    27     1.000       0.500
    28     1.000       0.519
    29     1.000       0.481
    30     1.000       0.537
    31     1.000       0.556
    32     0.981       0.574
    33     0.981       0.537
    34     1.000       0.537
    35     1.000       0.537
