LOO-CV accuracy (n=54), nested C selection, per layer.
Bonferroni threshold: p < 0.00139

 layer      raw    resid    correct         p   sig?
     0    0.926    0.815      44/54     0.0000      *
     1    0.944    0.815      44/54     0.0000      *
     2    0.981    0.833      45/54     0.0000      *
     3    0.981    0.833      45/54     0.0000      *
     4    0.981    0.833      45/54     0.0000      *
     5    0.963    0.833      45/54     0.0000      *
     6    0.963    0.833      45/54     0.0000      *
     7    0.963    0.833      45/54     0.0000      *
     8    0.981    0.833      45/54     0.0000      *
     9    0.981    0.833      45/54     0.0000      *
    10    0.981    0.852      46/54     0.0000      *
    11    0.981    0.852      46/54     0.0000      *
    12    0.981    0.833      45/54     0.0000      *
    13    0.981    0.833      45/54     0.0000      *
    14    0.981    0.815      44/54     0.0000      *
    15    0.981    0.852      46/54     0.0000      *
    16    0.981    0.852      46/54     0.0000      *
    17    0.981    0.852      46/54     0.0000      *
    18    0.981    0.870      47/54     0.0000      *
    19    0.981    0.870      47/54     0.0000      *
    20    0.981    0.852      46/54     0.0000      *
    21    0.981    0.815      44/54     0.0000      *
    22    1.000    0.870      47/54     0.0000      *
    23    1.000    0.852      46/54     0.0000      *
    24    1.000    0.889      48/54     0.0000      *
    25    1.000    0.870      47/54     0.0000      *
    26    1.000    0.870      47/54     0.0000      *
    27    1.000    0.889      48/54     0.0000      *
    28    1.000    0.870      47/54     0.0000      *
    29    1.000    0.870      47/54     0.0000      *
    30    1.000    0.852      46/54     0.0000      *
    31    1.000    0.870      47/54     0.0000      *
    32    1.000    0.889      48/54     0.0000      *
    33    1.000    0.889      48/54     0.0000      *
    34    1.000    0.870      47/54     0.0000      *
    35    1.000    0.889      48/54     0.0000      *
