LOO-CV accuracy (n=54), per layer. Bonferroni threshold: p < 0.00139

 layer     raw   pooled    p_pool  sig_p   perfold    p_fold  sig_f
     0   0.907    0.722    0.0007      *     0.833    0.0000      *
     1   0.944    0.685    0.0045            0.852    0.0000      *
     2   0.981    0.593    0.1102            0.870    0.0000      *
     3   1.000    0.556    0.2483            0.870    0.0000      *
     4   1.000    0.556    0.2483            0.889    0.0000      *
     5   1.000    0.519    0.4460            0.907    0.0000      *
     6   1.000    0.463    0.7517            0.870    0.0000      *
     7   1.000    0.444    0.8296            0.870    0.0000      *
     8   0.981    0.463    0.7517            0.870    0.0000      *
     9   0.981    0.444    0.8296            0.852    0.0000      *
    10   0.981    0.444    0.8296            0.833    0.0000      *
    11   0.981    0.444    0.8296            0.796    0.0000      *
    12   0.963    0.426    0.8898            0.796    0.0000      *
    13   0.963    0.463    0.7517            0.815    0.0000      *
    14   0.981    0.463    0.7517            0.778    0.0000      *
    15   0.981    0.444    0.8296            0.796    0.0000      *
    16   0.981    0.444    0.8296            0.852    0.0000      *
    17   0.981    0.444    0.8296            0.852    0.0000      *
    18   0.981    0.444    0.8296            0.852    0.0000      *
    19   0.981    0.444    0.8296            0.870    0.0000      *
    20   0.981    0.444    0.8296            0.870    0.0000      *
    21   1.000    0.444    0.8296            0.852    0.0000      *
    22   1.000    0.500    0.5540            0.870    0.0000      *
    23   1.000    0.519    0.4460            0.889    0.0000      *
    24   1.000    0.500    0.5540            0.889    0.0000      *
    25   1.000    0.500    0.5540            0.889    0.0000      *
    26   1.000    0.500    0.5540            0.889    0.0000      *
    27   1.000    0.500    0.5540            0.926    0.0000      *
    28   1.000    0.519    0.4460            0.889    0.0000      *
    29   1.000    0.481    0.6583            0.889    0.0000      *
    30   1.000    0.537    0.3417            0.907    0.0000      *
    31   1.000    0.556    0.2483            0.907    0.0000      *
    32   0.981    0.574    0.1704            0.907    0.0000      *
    33   0.981    0.537    0.3417            0.907    0.0000      *
    34   1.000    0.537    0.3417            0.907    0.0000      *
    35   1.000    0.537    0.3417            0.889    0.0000      *
