Loaded: 36 layers, d_model=4096
In-distribution: 54 prompts, held-out: 16 prompts

Best layer: 0 (in-distribution test accuracy: 1.000)

Per-layer in-distribution test accuracy:
  layer  0: 1.000  <-- best
  layer  1: 1.000
  layer  2: 1.000
  layer  3: 1.000
  layer  4: 1.000
  layer  5: 1.000
  layer  6: 1.000
  layer  7: 1.000
  layer  8: 1.000
  layer  9: 1.000
  layer 10: 1.000
  layer 11: 1.000
  layer 12: 1.000
  layer 13: 1.000
  layer 14: 1.000
  layer 15: 1.000
  layer 16: 1.000
  layer 17: 1.000
  layer 18: 1.000
  layer 19: 1.000
  layer 20: 1.000
  layer 21: 1.000
  layer 22: 1.000
  layer 23: 1.000
  layer 24: 1.000
  layer 25: 1.000
  layer 26: 1.000
  layer 27: 1.000
  layer 28: 1.000
  layer 29: 1.000
  layer 30: 1.000
  layer 31: 1.000
  layer 32: 1.000
  layer 33: 1.000
  layer 34: 1.000
  layer 35: 1.000
Saved layer_accuracy.png
Saved probe_direction_layer0.npy

Correlation(probe decision score, word count) -- in-distribution: r=-0.598
Correlation(probe decision score, word count) -- held-out:        r=-0.863
(|r| well above ~0.5 here means the trained probe's direction overlaps
 substantially with plain word count -- treat the accuracy numbers above
 as evidence for a length/register effect, not eval-awareness specifically,
 until this is ruled out or the dataset is redesigned with matched pairs.)

=== Summary ===
Metric                                         Accuracy
-------------------------------------------------------
Chance level (balanced classes)                   0.500
Random-direction probe baseline                   0.455
Word-count baseline                               0.727
Trained probe, in-distribution test (layer 0)     1.000
Trained probe, HELD-OUT generalization            0.938
