 layer   mean_rel_diff   pooled_acc   perfold_acc     gap
     0          0.0390        0.722         0.833   0.111
     1          0.0390        0.685         0.852   0.167
     2          0.0390        0.593         0.870   0.278
     3          0.0390        0.556         0.870   0.315
     4          0.0390        0.556         0.889   0.333
     5          0.0390        0.519         0.907   0.389
     6          0.0390        0.463         0.870   0.407
     7          0.0390        0.444         0.870   0.426
     8          0.0390        0.463         0.870   0.407
     9          0.0390        0.444         0.852   0.407
    10          0.0390        0.444         0.833   0.389
    11          0.0390        0.444         0.796   0.352
    12          0.0390        0.426         0.796   0.370
    13          0.0390        0.463         0.815   0.352
    14          0.0390        0.463         0.778   0.315
    15          0.0390        0.444         0.796   0.352
    16          0.0390        0.444         0.852   0.407
    17          0.0390        0.444         0.852   0.407
    18          0.0390        0.444         0.852   0.407
    19          0.0390        0.444         0.870   0.426
    20          0.0390        0.444         0.870   0.426
    21          0.0390        0.444         0.852   0.407
    22          0.0390        0.500         0.870   0.370
    23          0.0390        0.519         0.889   0.370
    24          0.0390        0.500         0.889   0.389
    25          0.0390        0.500         0.889   0.389
    26          0.0390        0.500         0.889   0.389
    27          0.0390        0.500         0.926   0.426
    28          0.0390        0.519         0.889   0.370
    29          0.0390        0.481         0.889   0.407
    30          0.0390        0.537         0.907   0.370
    31          0.0390        0.556         0.907   0.352
    32          0.0390        0.574         0.907   0.333
    33          0.0390        0.537         0.907   0.370
    34          0.0390        0.537         0.907   0.370
    35          0.0390        0.537         0.889   0.352
